     VMA      LMA     Size Align Out     In      Symbol
       0        0 80200000     1 . = 0x80200000
80200000 80200000       50     2 .text
80200000 80200000       50     2         /tmp/kernel-05c3e8.o:(.text)
80200000 80200000        0     1                 
80200000 80200000        0     1                 
80200000 80200000        0     1                 $x.0
80200000 80200000        0     1                 
80200000 80200000        6     1                 sbi_call
80200004 80200004        0     1                 
80200006 80200006        0     1                 
80200006 80200006        0     1                 
80200006 80200006        0     1                 
80200006 80200006       14     1                 putchar
80200018 80200018        0     1                 
8020001a 8020001a        0     1                 
8020001a 8020001a        0     1                 
8020001a 8020001a        0     1                 
8020001a 8020001a       36     1                 kernel_main
80200022 80200022        0     1                 
8020002a 8020002a        0     1                 
80200036 80200036        0     1                 .LBB2_1
80200036 80200036        0     1                 
80200036 80200036        0     1                 
8020003a 8020003a        0     1                 
8020003a 8020003a        0     1                 
80200040 80200040        0     1                 
80200040 80200040        0     1                 
80200044 80200044        0     1                 
80200046 80200046        0     1                 
8020004a 8020004a        0     1                 
8020004a 8020004a        0     1                 .LBB2_2
8020004a 8020004a        0     1                 
8020004e 8020004e        0     1                 
80200050 80200050        0     1                 
80200050 80200050        0     1                 
80200050 80200050       10     4 .rodata
80200050 80200050       10     1         <internal>:(.rodata.str1.1)
80200060 80200060        0     4 .bss
80200060 80200060        0     1         __bss = .
80200060 80200060        0     1         __bss_end = .
80200060 80200060        0     1 . = ALIGN ( 4 )
80200060 80200060    20000     1 . += 128 * 1024
80220060 80220060        0     1 __stack_top = .
       0        0       89     1 .debug_loc
       0        0       89     1         /tmp/kernel-05c3e8.o:(.debug_loc)
       0        0        0     1                 
       0        0        0     1                 $d.2
      13       13        0     1                 
      26       26        0     1                 
      39       39        0     1                 
      4e       4e        0     1                 
      61       61        0     1                 
      74       74        0     1                 
       0        0      136     1 .debug_abbrev
       0        0      136     1         /tmp/kernel-05c3e8.o:(.debug_abbrev)
       0        0        0     1                 $d.3
       0        0      331     1 .debug_info
       0        0      331     1         /tmp/kernel-05c3e8.o:(.debug_info)
       0        0        0     1                 $d.4
       0        0       d5     1 .debug_str
       0        0       d5     1         <internal>:(.debug_str)
       0        0       42     1 .comment
       0        0       42     1         <internal>:(.comment)
       0        0       2b     1 .riscv.attributes
       0        0       2b     1         <internal>:(.riscv.attributes)
       0        0       44     4 .debug_frame
       0        0       44     4         /tmp/kernel-05c3e8.o:(.debug_frame)
       0        0        0     1                 
       0        0        0     1                 $d.8
       0        0       a7     1 .debug_line
       0        0       a7     1         /tmp/kernel-05c3e8.o:(.debug_line)
       0        0        0     1                 .Lline_table_start0
       0        0        0     1                 $d.9
       0        0      540     4 .symtab
       0        0      540     4         <internal>:(.symtab)
       0        0       92     1 .shstrtab
       0        0       92     1         <internal>:(.shstrtab)
       0        0       75     1 .strtab
       0        0       75     1         <internal>:(.strtab)
