     VMA      LMA     Size Align Out     In      Symbol
       0        0 80400000     1 . = 0x80400000
80000000 80000000       a4     2 .text
80000000 80000000       a4     2         /tmp/kernel-d470e4.o:(.text)
80000000 80000000        0     1                 
80000000 80000000        0     1                 
80000000 80000000        0     1                 $x.0
80000000 80000000        0     1                 
80000000 80000000        6     1                 sbi_call
80000004 80000004        0     1                 
80000006 80000006        0     1                 
80000006 80000006        0     1                 
80000006 80000006        0     1                 
80000006 80000006       14     1                 putchar
80000018 80000018        0     1                 
8000001a 8000001a        0     1                 
8000001a 8000001a        0     1                 
8000001a 8000001a        0     1                 
8000001a 8000001a       36     1                 kernel_main
80000022 80000022        0     1                 
8000002a 8000002a        0     1                 
80000036 80000036        0     1                 .LBB2_1
80000036 80000036        0     1                 
80000036 80000036        0     1                 
8000003a 8000003a        0     1                 
8000003a 8000003a        0     1                 
80000040 80000040        0     1                 
80000040 80000040        0     1                 
80000044 80000044        0     1                 
80000046 80000046        0     1                 
8000004a 8000004a        0     1                 
8000004a 8000004a        0     1                 .LBB2_2
8000004a 8000004a        0     1                 
8000004e 8000004e        0     1                 
80000050 80000050        0     1                 
80000050 80000050        0     1                 
80000050 80000050        0     1                 
80000050 80000050        0     1                 
80000050 80000050        0     1                 
80000050 80000050       54     1                 boot
80000060 80000060        0     1                 
80000064 80000064        0     1                 .LBB3_1
80000064 80000064        0     1                 
80000068 80000068        0     1                 
8000006a 8000006a        0     1                 
8000006e 8000006e        0     1                 .LBB3_2
8000006e 8000006e        0     1                 
8000006e 8000006e        0     1                 
8000008a 8000008a        0     1                 .LBB3_3
8000008a 8000008a        0     1                 
8000008a 8000008a        0     1                 
8000008e 8000008e        0     1                 
8000008e 8000008e        0     1                 
80000094 80000094        0     1                 
80000094 80000094        0     1                 
80000098 80000098        0     1                 
8000009a 8000009a        0     1                 
8000009e 8000009e        0     1                 .LBB3_4
8000009e 8000009e        0     1                 
800000a2 800000a2        0     1                 
800000a4 800000a4        0     1                 
800000a4 800000a4        0     1                 
800000a4 800000a4        0     1                 
800000a4 800000a4       10     1 .rodata.str1.1
800000a4 800000a4       10     1         <internal>:(.rodata.str1.1)
800000b4 800000b4        0     1 .bss
800000b4 800000b4        0     1         __bss = .
800000b4 800000b4        0     1         __bss_end = .
800000b4 800000b4        0     1 __stack_top = ORIGIN ( RAM ) + LENGTH ( RAM )
       0        0       c4     1 .debug_loc
       0        0       c4     1         /tmp/kernel-d470e4.o:(.debug_loc)
       0        0        0     1                 
       0        0        0     1                 $d.2
      13       13        0     1                 
      26       26        0     1                 
      39       39        0     1                 
      4e       4e        0     1                 
      61       61        0     1                 
      74       74        0     1                 
      89       89        0     1                 
      9c       9c        0     1                 
      af       af        0     1                 
       0        0      140     1 .debug_abbrev
       0        0      140     1         /tmp/kernel-d470e4.o:(.debug_abbrev)
       0        0        0     1                 $d.3
       0        0      415     1 .debug_info
       0        0      415     1         /tmp/kernel-d470e4.o:(.debug_info)
       0        0        0     1                 $d.4
       0        0       dc     1 .debug_str
       0        0       dc     1         <internal>:(.debug_str)
       0        0       42     1 .comment
       0        0       42     1         <internal>:(.comment)
       0        0       2b     1 .riscv.attributes
       0        0       2b     1         <internal>:(.riscv.attributes)
       0        0       54     4 .debug_frame
       0        0       54     4         /tmp/kernel-d470e4.o:(.debug_frame)
       0        0        0     1                 
       0        0        0     1                 $d.8
       0        0      108     1 .debug_line
       0        0      108     1         /tmp/kernel-d470e4.o:(.debug_line)
       0        0        0     1                 .Lline_table_start0
       0        0        0     1                 $d.9
       0        0      700     4 .symtab
       0        0      700     4         <internal>:(.symtab)
       0        0       99     1 .shstrtab
       0        0       99     1         <internal>:(.shstrtab)
       0        0       7a     1 .strtab
       0        0       7a     1         <internal>:(.strtab)
